2026-06-02T06:24:34.849Z launch: Executable doesn't exist at /Users/bidi/Library/Caches/ms-playwright/chromium_headless_shell-1208/chrome-headless-shell-mac-arm64/chrome-headless-shell
╔═════════════════════════════════════════════════════════════════════════╗
║ Looks like Playwright Test or Playwright was just installed or updated. ║
║ Please run the following command to download new browsers:              ║
║                                                                         ║
║     npx playwright install                                              ║
║                                                                         ║
║ <3 Playwright Team                                                      ║
╚═════════════════════════════════════════════════════════════════════════╝
launch: Executable doesn't exist at /Users/bidi/Library/Caches/ms-playwright/chromium_headless_shell-1208/chrome-headless-shell-mac-arm64/chrome-headless-shell
╔═════════════════════════════════════════════════════════════════════════╗
║ Looks like Playwright Test or Playwright was just installed or updated. ║
║ Please run the following command to download new browsers:              ║
║                                                                         ║
║     npx playwright install                                              ║
║                                                                         ║
║ <3 Playwright Team                                                      ║
╚═════════════════════════════════════════════════════════════════════════╝
    at launch (/Users/bidi/AI-Bidi/Experiments:Testings/gstack/browse/src/browser-manager.ts:372:35)
    at async start (/Users/bidi/AI-Bidi/Experiments:Testings/gstack/browse/src/server.ts:2941:28)
    at processTicksAndRejections (native:7:39)
